[     750ms] [ERROR] Failed to load resource: net::ERR_NAME_NOT_RESOLVED @ https://logo.clearbit.com/morganstanley.com:0
[     751ms] [ERROR] Failed to load resource: net::ERR_NAME_NOT_RESOLVED @ https://logo.clearbit.com/jpmorganchase.com:0
[     751ms] [ERROR] Failed to load resource: net::ERR_NAME_NOT_RESOLVED @ https://logo.clearbit.com/goldmansachs.com:0
[     751ms] [ERROR] Failed to load resource: net::ERR_NAME_NOT_RESOLVED @ https://logo.clearbit.com/bankofamerica.com:0
[     772ms] [ERROR] Failed to load resource: net::ERR_NAME_NOT_RESOLVED @ https://logo.clearbit.com/citi.com:0
[     773ms] [ERROR] Failed to load resource: net::ERR_NAME_NOT_RESOLVED @ https://logo.clearbit.com/ubs.com:0
[     773ms] [ERROR] Failed to load resource: net::ERR_NAME_NOT_RESOLVED @ https://logo.clearbit.com/barclays.com:0
[   26209ms] [ERROR] Failed to load resource: net::ERR_NAME_NOT_RESOLVED @ https://logo.clearbit.com/goldmansachs.com:0
[   26210ms] [ERROR] Failed to load resource: net::ERR_NAME_NOT_RESOLVED @ https://logo.clearbit.com/morganstanley.com:0
[   26210ms] [ERROR] Failed to load resource: net::ERR_NAME_NOT_RESOLVED @ https://logo.clearbit.com/jpmorganchase.com:0
[   26211ms] [ERROR] Failed to load resource: net::ERR_NAME_NOT_RESOLVED @ https://logo.clearbit.com/barclays.com:0
[   26211ms] [ERROR] Failed to load resource: net::ERR_NAME_NOT_RESOLVED @ https://logo.clearbit.com/bankofamerica.com:0
[   26211ms] [ERROR] Failed to load resource: net::ERR_NAME_NOT_RESOLVED @ https://logo.clearbit.com/citi.com:0
[   26226ms] [ERROR] Failed to load resource: net::ERR_NAME_NOT_RESOLVED @ https://logo.clearbit.com/ubs.com:0
[  107077ms] [ERROR] Failed to load resource: net::ERR_NAME_NOT_RESOLVED @ https://logo.clearbit.com/goldmansachs.com:0
[  107077ms] [ERROR] Failed to load resource: net::ERR_NAME_NOT_RESOLVED @ https://logo.clearbit.com/jpmorganchase.com:0
[  107077ms] [ERROR] Failed to load resource: net::ERR_NAME_NOT_RESOLVED @ https://logo.clearbit.com/morganstanley.com:0
[  107077ms] [ERROR] Failed to load resource: net::ERR_NAME_NOT_RESOLVED @ https://logo.clearbit.com/bankofamerica.com:0
[  107077ms] [ERROR] Failed to load resource: net::ERR_NAME_NOT_RESOLVED @ https://logo.clearbit.com/citi.com:0
[  107077ms] [ERROR] Failed to load resource: net::ERR_NAME_NOT_RESOLVED @ https://logo.clearbit.com/barclays.com:0
[  107090ms] [ERROR] Failed to load resource: net::ERR_NAME_NOT_RESOLVED @ https://logo.clearbit.com/ubs.com:0
[  254525ms] [ERROR] Failed to load resource: net::ERR_NAME_NOT_RESOLVED @ https://logo.clearbit.com/goldmansachs.com:0
[  254525ms] [ERROR] Failed to load resource: net::ERR_NAME_NOT_RESOLVED @ https://logo.clearbit.com/jpmorganchase.com:0
[  254525ms] [ERROR] Failed to load resource: net::ERR_NAME_NOT_RESOLVED @ https://logo.clearbit.com/morganstanley.com:0
[  254525ms] [ERROR] Failed to load resource: net::ERR_NAME_NOT_RESOLVED @ https://logo.clearbit.com/bankofamerica.com:0
[  254525ms] [ERROR] Failed to load resource: net::ERR_NAME_NOT_RESOLVED @ https://logo.clearbit.com/citi.com:0
[  254525ms] [ERROR] Failed to load resource: net::ERR_NAME_NOT_RESOLVED @ https://logo.clearbit.com/barclays.com:0
[  254525ms] [ERROR] Failed to load resource: net::ERR_NAME_NOT_RESOLVED @ https://logo.clearbit.com/ubs.com:0
[  307792ms] [ERROR] Failed to load resource: net::ERR_NAME_NOT_RESOLVED @ https://logo.clearbit.com/bankofamerica.com:0
[  307792ms] [ERROR] Failed to load resource: net::ERR_NAME_NOT_RESOLVED @ https://logo.clearbit.com/jpmorganchase.com:0
[  307792ms] [ERROR] Failed to load resource: net::ERR_NAME_NOT_RESOLVED @ https://logo.clearbit.com/goldmansachs.com:0
[  307792ms] [ERROR] Failed to load resource: net::ERR_NAME_NOT_RESOLVED @ https://logo.clearbit.com/morganstanley.com:0
[  307793ms] [ERROR] Failed to load resource: net::ERR_NAME_NOT_RESOLVED @ https://logo.clearbit.com/citi.com:0
[  307793ms] [ERROR] Failed to load resource: net::ERR_NAME_NOT_RESOLVED @ https://logo.clearbit.com/barclays.com:0
[  307806ms] [ERROR] Failed to load resource: net::ERR_NAME_NOT_RESOLVED @ https://logo.clearbit.com/ubs.com:0
[  398071ms] [ERROR] Failed to load resource: net::ERR_NAME_NOT_RESOLVED @ https://logo.clearbit.com/bankofamerica.com:0
[  398071ms] [ERROR] Failed to load resource: net::ERR_NAME_NOT_RESOLVED @ https://logo.clearbit.com/goldmansachs.com:0
[  398072ms] [ERROR] Failed to load resource: net::ERR_NAME_NOT_RESOLVED @ https://logo.clearbit.com/jpmorganchase.com:0
[  398072ms] [ERROR] Failed to load resource: net::ERR_NAME_NOT_RESOLVED @ https://logo.clearbit.com/morganstanley.com:0
[  398072ms] [ERROR] Failed to load resource: net::ERR_NAME_NOT_RESOLVED @ https://logo.clearbit.com/citi.com:0
[  398072ms] [ERROR] Failed to load resource: net::ERR_NAME_NOT_RESOLVED @ https://logo.clearbit.com/barclays.com:0
[  398086ms] [ERROR] Failed to load resource: net::ERR_NAME_NOT_RESOLVED @ https://logo.clearbit.com/ubs.com:0
